{"synthetic": false,
 "schemaVersion": "2025-09-10",
 "outputs": null,
 "log":
 [{"message": "Documentation indexing", "level": "info"},
  {"message":
   ".> /home/runner/work/veir/veir/.lake/packages/doc-gen4/.lake/build/bin/doc-gen4 index --build /home/runner/work/veir/veir/docbuild/.lake/build",
   "level": "trace"}],
 "inputs":
 [["/home/runner/work/veir/veir/docbuild/.lake/build/doc-data/references.json",
   "16fb262bc340d332"],
  ["/home/runner/work/veir/veir/.lake/packages/doc-gen4/.lake/build/bin/doc-gen4",
   "dcff5b1d1f757782"],
  ["<nil>", "4c88678a28a47e79"],
  ["<collection>",
   [["/home/runner/work/veir/veir/docbuild/.lake/build/doc/Veir/Analysis/DataFlow/Domains.html",
     "5f38684c670ec66a"],
    ["/home/runner/work/veir/veir/docbuild/.lake/build/doc/Veir/Prelude.html",
     "b239d4b8235f8514"],
    ["/home/runner/work/veir/veir/docbuild/.lake/build/doc/Veir/IR/OpInfo.html",
     "c6aac1f0d78330d1"],
    ["/home/runner/work/veir/veir/docbuild/.lake/build/doc/Veir/ForLean.html",
     "217db8253961d2e3"],
    ["/home/runner/work/veir/veir/docbuild/.lake/build/doc/Veir/IR/Attribute.html",
     "eb4145e00bf87d1e"],
    ["/home/runner/work/veir/veir/docbuild/.lake/build/doc/Veir/IR/Simp.html",
     "18b2c9cda599f909"],
    ["/home/runner/work/veir/veir/docbuild/.lake/build/doc/Veir/IR/Basic.html",
     "a76d801614d52aa8"],
    ["/home/runner/work/veir/veir/docbuild/.lake/build/doc/Veir/Meta/Attrs.html",
     "fb2b521b373b89c3"],
    ["/home/runner/work/veir/veir/docbuild/.lake/build/doc/Veir/Meta/OpCode.html",
     "0f44e09f309e531d"],
    ["/home/runner/work/veir/veir/docbuild/.lake/build/doc/Veir/OpCode.html",
     "0c088f11295b40d9"],
    ["/home/runner/work/veir/veir/docbuild/.lake/build/doc/Veir/Data/LLVM/Int/Basic.html",
     "a95c5d7acce7a90d"],
    ["/home/runner/work/veir/veir/docbuild/.lake/build/doc/Veir/Properties.html",
     "85dfc011b0b92c5d"],
    ["/home/runner/work/veir/veir/docbuild/.lake/build/doc/Veir/Dialects/Arith/OpInfo.html",
     "e23e599d77523577"],
    ["/home/runner/work/veir/veir/docbuild/.lake/build/doc/Veir/Dialects/LLVM/OpInfo.html",
     "153d671d8482d4c3"],
    ["/home/runner/work/veir/veir/docbuild/.lake/build/doc/Veir/Dialects/RISCV/OpInfo.html",
     "3374e27768ea5f4c"],
    ["/home/runner/work/veir/veir/docbuild/.lake/build/doc/Veir/Dialects/RISCV_Cf/OpInfo.html",
     "98353a05eb8ada5e"],
    ["/home/runner/work/veir/veir/docbuild/.lake/build/doc/Veir/Dialects/ModArith/OpInfo.html",
     "bc504c1e475a0be1"],
    ["/home/runner/work/veir/veir/docbuild/.lake/build/doc/Veir/Dialects/Cf/OpInfo.html",
     "be9e159c802c4664"],
    ["/home/runner/work/veir/veir/docbuild/.lake/build/doc/Veir/Dialects/Comb/OpInfo.html",
     "8c6c16e93534367b"],
    ["/home/runner/work/veir/veir/docbuild/.lake/build/doc/Veir/Dialects/HW/OpInfo.html",
     "4b79b471929b5f2d"],
    ["/home/runner/work/veir/veir/docbuild/.lake/build/doc/Veir/GlobalOpInfo.html",
     "1d9a8c80a6e68f2e"],
    ["/home/runner/work/veir/veir/docbuild/.lake/build/doc/Veir/IR/InBounds.html",
     "c670506c9dfd0248"],
    ["/home/runner/work/veir/veir/docbuild/.lake/build/doc/Veir/IR/GetSet.html",
     "d878373af329e030"],
    ["/home/runner/work/veir/veir/docbuild/.lake/build/doc/Veir/IR/Fields.html",
     "4f1ddc54fe36d66e"],
    ["/home/runner/work/veir/veir/docbuild/.lake/build/doc/Veir/IR/Grind.html",
     "8508bbb0f94bd1bb"],
    ["/home/runner/work/veir/veir/docbuild/.lake/build/doc/Veir/IR/WellFormed.html",
     "1e523198639fadaa"],
    ["/home/runner/work/veir/veir/docbuild/.lake/build/doc/Veir/IR.html",
     "fdf2ba4aeba93d33"],
    ["/home/runner/work/veir/veir/docbuild/.lake/build/doc/Veir/Rewriter/InsertPoint.html",
     "8400f4a200606793"],
    ["/home/runner/work/veir/veir/docbuild/.lake/build/doc/Veir/Analysis/DataFlow/Facts.html",
     "3b10e1d667f4d373"],
    ["/home/runner/work/veir/veir/docbuild/.lake/build/doc/Veir/Analysis/DataFlowFramework.html",
     "e030fc86a50dd3ee"],
    ["/home/runner/work/veir/veir/docbuild/.lake/build/doc/Veir/Analysis/DataFlow/DominanceAnalysis.html",
     "586c43c8d4ecc0ab"],
    ["/home/runner/work/veir/veir/docbuild/.lake/build/doc/Veir/Analysis.html",
     "3e77c23f5b4ef6ac"],
    ["/home/runner/work/veir/veir/docbuild/.lake/build/doc/Veir/Data/LLVM/Int/Lemmas.html",
     "05326f2ee691b197"],
    ["/home/runner/work/veir/veir/docbuild/.lake/build/doc/Veir/Data/LLVM/Int.html",
     "63e86c0f13ff8f2f"],
    ["/home/runner/work/veir/veir/docbuild/.lake/build/doc/Veir/Data/LLVM/Byte/Basic.html",
     "dca5f0ad45ebbd12"],
    ["/home/runner/work/veir/veir/docbuild/.lake/build/doc/Veir/Data/LLVM/Byte/Lemmas.html",
     "f8657ece3b37810f"],
    ["/home/runner/work/veir/veir/docbuild/.lake/build/doc/Veir/Data/LLVM/Byte/Examples.html",
     "a8df1e602aea76fb"],
    ["/home/runner/work/veir/veir/docbuild/.lake/build/doc/Veir/Data/LLVM/Byte.html",
     "5bb77232cc47b71b"],
    ["/home/runner/work/veir/veir/docbuild/.lake/build/doc/Veir/Data/LLVM.html",
     "09010d45a395e41f"],
    ["/home/runner/work/veir/veir/docbuild/.lake/build/doc/Veir/Data/FP/PackedFloat/Basic.html",
     "88938c8a0d6ad754"],
    ["/home/runner/work/veir/veir/docbuild/.lake/build/doc/Veir/Data/FP/PackedFloat/OfFloat.html",
     "c124a317db3e8a32"],
    ["/home/runner/work/veir/veir/docbuild/.lake/build/doc/Veir/Data/FP/ExtRat/Basic.html",
     "fa3e416e91aa7d1c"],
    ["/home/runner/work/veir/veir/docbuild/.lake/build/doc/Veir/Data/FP/FloatFormat.html",
     "8229d67147ef01ea"],
    ["/home/runner/work/veir/veir/docbuild/.lake/build/doc/Veir/Data/FP/Sign.html",
     "bc2150d963aaf2e1"],
    ["/home/runner/work/veir/veir/docbuild/.lake/build/doc/Veir/Data/FP/PackedFloat/ToExtRat.html",
     "00bd8a57bf27c8aa"],
    ["/home/runner/work/veir/veir/docbuild/.lake/build/doc/Veir/Data/FP/State/Basic.html",
     "30b38412536b218c"],
    ["/home/runner/work/veir/veir/docbuild/.lake/build/doc/Veir/Data/FP/State.html",
     "21ae74f0430b6d12"],
    ["/home/runner/work/veir/veir/docbuild/.lake/build/doc/Veir/Data/FP/PackedFloat/State.html",
     "541bba15b52f99cc"],
    ["/home/runner/work/veir/veir/docbuild/.lake/build/doc/Veir/Data/FP/ScientificBV/Basic.html",
     "498a8a0063c97256"],
    ["/home/runner/work/veir/veir/docbuild/.lake/build/doc/Veir/Data/FP/ScientificBV.html",
     "b2738ecead4d5565"],
    ["/home/runner/work/veir/veir/docbuild/.lake/build/doc/Veir/Data/FP/EDyadic/Basic.html",
     "98dd21c9e8c0b690"],
    ["/home/runner/work/veir/veir/docbuild/.lake/build/doc/Veir/Data/FP/PackedFloat/ToEDyadic.html",
     "a594a3cbd82a8af8"],
    ["/home/runner/work/veir/veir/docbuild/.lake/build/doc/Veir/Data/FP/PackedFloat.html",
     "5f3537f480101c74"],
    ["/home/runner/work/veir/veir/docbuild/.lake/build/doc/Veir/Data/FP.html",
     "c7884554da08d1a7"],
    ["/home/runner/work/veir/veir/docbuild/.lake/build/doc/Veir/Data.html",
     "6418e66cd64a5032"],
    ["/home/runner/work/veir/veir/docbuild/.lake/build/doc/Veir/Rewriter/LinkedList/Basic.html",
     "e7c9268f677c37fc"],
    ["/home/runner/work/veir/veir/docbuild/.lake/build/doc/Veir/Rewriter/LinkedList/GetSet.html",
     "7894596fd26532f1"],
    ["/home/runner/work/veir/veir/docbuild/.lake/build/doc/Veir/Rewriter/LinkedList/WellFormed.html",
     "9404376af65be6d7"],
    ["/home/runner/work/veir/veir/docbuild/.lake/build/doc/Veir/Rewriter/LinkedList.html",
     "91cee4f420ab70e0"],
    ["/home/runner/work/veir/veir/docbuild/.lake/build/doc/Veir/Rewriter/Basic.html",
     "fee9daeea6f81de1"],
    ["/home/runner/work/veir/veir/docbuild/.lake/build/doc/Veir/IR/DeallocLemmas.html",
     "453cb7bab1afb001"],
    ["/home/runner/work/veir/veir/docbuild/.lake/build/doc/Veir/Rewriter/GetSet/InsertOp.html",
     "d8f4b1a5791ba660"],
    ["/home/runner/work/veir/veir/docbuild/.lake/build/doc/Veir/Rewriter/GetSet/InsertBlock.html",
     "5323dd5538803c69"],
    ["/home/runner/work/veir/veir/docbuild/.lake/build/doc/Veir/Rewriter/GetSet/DetachOperands.html",
     "cda680d177420e75"],
    ["/home/runner/work/veir/veir/docbuild/.lake/build/doc/Veir/Rewriter/GetSet/DetachBlockOperands.html",
     "b166919a6d04a323"],
    ["/home/runner/work/veir/veir/docbuild/.lake/build/doc/Veir/Rewriter/GetSet/DetachOp.html",
     "127ff5458acee787"],
    ["/home/runner/work/veir/veir/docbuild/.lake/build/doc/Veir/Rewriter/GetSet/ReplaceUse.html",
     "4e94d162c1ca5760"],
    ["/home/runner/work/veir/veir/docbuild/.lake/build/doc/Veir/Rewriter/GetSet/Results.html",
     "f549b5ee27efcb2a"],
    ["/home/runner/work/veir/veir/docbuild/.lake/build/doc/Veir/Rewriter/GetSet/Regions.html",
     "251366fb3f4959e0"],
    ["/home/runner/work/veir/veir/docbuild/.lake/build/doc/Veir/Rewriter/GetSet/Operands.html",
     "0118c61d440d2d07"],
    ["/home/runner/work/veir/veir/docbuild/.lake/build/doc/Veir/Rewriter/GetSet/BlockOperands.html",
     "2dc7b1781b6dd6ca"],
    ["/home/runner/work/veir/veir/docbuild/.lake/build/doc/Veir/Rewriter/GetSet/CreateOp.html",
     "7f81cfe1467ace72"],
    ["/home/runner/work/veir/veir/docbuild/.lake/build/doc/Veir/Rewriter/GetSet/CreateRegion.html",
     "e2c5f29722d6439a"],
    ["/home/runner/work/veir/veir/docbuild/.lake/build/doc/Veir/Rewriter/GetSet/BlockArguments.html",
     "edce25596034e896"],
    ["/home/runner/work/veir/veir/docbuild/.lake/build/doc/Veir/Rewriter/GetSet.html",
     "a44b263fc6ddf185"],
    ["/home/runner/work/veir/veir/docbuild/.lake/build/doc/Veir/Rewriter/WellFormed/BlockArguments.html",
     "2b927bb992c92a70"],
    ["/home/runner/work/veir/veir/docbuild/.lake/build/doc/Veir/Rewriter/WellFormed/Block.html",
     "02dc8cb5ade7a6d6"],
    ["/home/runner/work/veir/veir/docbuild/.lake/build/doc/Veir/Rewriter/WellFormed/BlockOperands.html",
     "91a7914b712286aa"],
    ["/home/runner/work/veir/veir/docbuild/.lake/build/doc/Veir/Rewriter/WellFormed/Region.html",
     "3e6f1e8000b86796"],
    ["/home/runner/work/veir/veir/docbuild/.lake/build/doc/Veir/Rewriter/WellFormed/OpOperands.html",
     "51ed7a3639ebc0ab"],
    ["/home/runner/work/veir/veir/docbuild/.lake/build/doc/Veir/Rewriter/WellFormed/OpRegion.html",
     "c15537605cf7e892"],
    ["/home/runner/work/veir/veir/docbuild/.lake/build/doc/Veir/Rewriter/WellFormed/OpResults.html",
     "26930ac84a088004"],
    ["/home/runner/work/veir/veir/docbuild/.lake/build/doc/Veir/Rewriter/WellFormed/Operation.html",
     "d11a7dba97d415e2"],
    ["/home/runner/work/veir/veir/docbuild/.lake/build/doc/Veir/Rewriter/WellFormed/IRContext.html",
     "0d81909bac3ba8b9"],
    ["/home/runner/work/veir/veir/docbuild/.lake/build/doc/Veir/Rewriter/WellFormed/Value.html",
     "c4d2fb692d510fcb"],
    ["/home/runner/work/veir/veir/docbuild/.lake/build/doc/Veir/Rewriter/WellFormed/ReplaceOp.html",
     "de6c764b4f12f2b6"],
    ["/home/runner/work/veir/veir/docbuild/.lake/build/doc/Veir/Rewriter/WellFormed.html",
     "8c232285ea3abd18"],
    ["/home/runner/work/veir/veir/docbuild/.lake/build/doc/Veir/Rewriter/InlineBlock.html",
     "a513c8242386ae21"],
    ["/home/runner/work/veir/veir/docbuild/.lake/build/doc/Veir/Rewriter/WfRewriter/Basic.html",
     "c63ff98cbb6ece4a"],
    ["/home/runner/work/veir/veir/docbuild/.lake/build/doc/Veir/Rewriter/WfRewriter/GetSetTactic.html",
     "9a1768180800a05b"],
    ["/home/runner/work/veir/veir/docbuild/.lake/build/doc/Veir/Rewriter/WfRewriter/GetSet.html",
     "8e43833b4c992a3c"],
    ["/home/runner/work/veir/veir/docbuild/.lake/build/doc/Veir/Rewriter/WfRewriter.html",
     "b0037f072aa8ba6a"],
    ["/home/runner/work/veir/veir/docbuild/.lake/build/doc/Veir/Printer.html",
     "c7ffae0f0d2f49b9"],
    ["/home/runner/work/veir/veir/docbuild/.lake/build/doc/Veir/PatternRewriter/Basic.html",
     "c43298fa9eefb9b6"],
    ["/home/runner/work/veir/veir/docbuild/.lake/build/doc/Veir/Benchmarks.html",
     "4a55b0a5541edd44"],
    ["/home/runner/work/veir/veir/docbuild/.lake/build/doc/Veir/Parser/Location.html",
     "75cbb4f6483c7fd5"],
    ["/home/runner/work/veir/veir/docbuild/.lake/build/doc/Veir/Parser/ParserError.html",
     "de39da0318b1b1ff"],
    ["/home/runner/work/veir/veir/docbuild/.lake/build/doc/Veir/Parser/Lexer.html",
     "1bf734845e4077f2"],
    ["/home/runner/work/veir/veir/docbuild/.lake/build/doc/Veir/Data/Comb/Basic.html",
     "64b4bf57edfd5bc0"],
    ["/home/runner/work/veir/veir/docbuild/.lake/build/doc/Veir/Data/RISCV/Reg/Simp.html",
     "199f5ffb921f4d29"],
    ["/home/runner/work/veir/veir/docbuild/.lake/build/doc/Veir/Data/RISCV/Reg/Basic.html",
     "54e685287641b5d4"],
    ["/home/runner/work/veir/veir/docbuild/.lake/build/doc/Veir/Data/HW/Basic.html",
     "a89e30fe68dd652c"],
    ["/home/runner/work/veir/veir/docbuild/.lake/build/doc/Veir/Data/Casting.html",
     "beea92103ffc4aa9"],
    ["/home/runner/work/veir/veir/docbuild/.lake/build/doc/Veir/Interpreter/Basic.html",
     "79b2998b34b537ec"],
    ["/home/runner/work/veir/veir/docbuild/.lake/build/doc/Veir/Dominance.html",
     "afadeec62ef64560"],
    ["/home/runner/work/veir/veir/docbuild/.lake/build/doc/Veir/Interpreter/Lemmas.html",
     "cdafdae39dc1b5d6"],
    ["/home/runner/work/veir/veir/docbuild/.lake/build/doc/Veir/Interpreter/EquationLemma.html",
     "8e7a76ff2ea77754"],
    ["/home/runner/work/veir/veir/docbuild/.lake/build/doc/Veir/Interpreter.html",
     "d4d2b9227fb50bfc"],
    ["/home/runner/work/veir/veir/docbuild/.lake/build/doc/Veir.html",
     "4c673faf26c2f962"]]]],
 "depHash": "9ae65a1fbcccdaf9"}